
======================================================================
📌 数据集：dgraph  seed=2026
======================================================================
核心参数：min_community_size=5, epoch=60, seedNum=40
----------------------------------------------------------------------
原始社区数: 836，过滤后: 805，剔除 31 个异常大小社区（下限=5, 上限=14.2)
加载完成：节点数 81838，边数 88080，社区数 805，特征节点数 81838

=== 数据检查 ===
节点总数: 81838，最大节点ID: 81837
总边数: 88080，自环边数: 0
社区数: 805，平均大小: 7.3，最小/最大: 5/14
✅ 未检测到 NaN 特征值（前100个节点）
特征维度: 17
特征值范围（前5列）: [(np.float64(-1.0), np.float64(1.0)), (np.float64(-1.0), np.float64(8.0)), (np.float64(-1.0), np.float64(13.115)), (np.float64(-1.0), np.float64(12.79)), (np.float64(-1.0), np.float64(1.0))]
训练社区数: 644，测试社区数: 161
⚠️ 训练与测试社区节点重叠，重叠数: 19
=== 检查结束 ===

初始化 Graph：节点数 81838，社区数 644，特征维度 17
初始化 Graph：节点数 81838，社区数 161，特征维度 17
训练图：节点数 81838，特征维度 17，训练社区数 644
测试图：节点数 81838，特征维度 17，测试社区数 161
初始化 Expander: maxLen=10, gamma=0.99, f1_base_weight=1.0,device=cpu
p_bias=1.0, r_bias=1.0, repeat_penalty=0.5
entropy_coeff=0.01, grad_norm=10.0
target_recall=0.5, stop_reward_scale=2.0

🚀 开始训练：60轮 | 每轮采样40种子
真实社区平均长度 8.525
提前终止的概率 1.000
Batch Metrics: P=0.8661, R=0.2178, F1=0.3137, AvgExtLen=2.55
Loss | PG: -7.7249, Entropy: 1.9396, Total: -7.7443

Grad Check | Norm: 13.7817 | Param Mean: -0.0004 | Grad Mean: 0.0223
📝 Epoch 1/60 | loss: -7.7443
真实社区平均长度 7.450
提前终止的概率 1.000
Batch Metrics: P=0.7954, R=0.2567, F1=0.3338, AvgExtLen=3.40
Loss | PG: -12.7679, Entropy: 1.8294, Total: -12.7862

Grad Check | Norm: 6.9277 | Param Mean: -0.0004 | Grad Mean: 0.0541
📝 Epoch 2/60 | loss: -12.7862
真实社区平均长度 7.600
提前终止的概率 1.000
Batch Metrics: P=0.7151, R=0.3411, F1=0.3756, AvgExtLen=5.00
Loss | PG: -22.9001, Entropy: 1.9091, Total: -22.9192

Grad Check | Norm: 11.6490 | Param Mean: -0.0004 | Grad Mean: -0.0141
📝 Epoch 3/60 | loss: -22.9192
真实社区平均长度 8.225
提前终止的概率 1.000
Batch Metrics: P=0.7222, R=0.3213, F1=0.3547, AvgExtLen=4.50
Loss | PG: -14.7192, Entropy: 1.7410, Total: -14.7366

Grad Check | Norm: 15.8527 | Param Mean: -0.0005 | Grad Mean: -0.0195
📝 Epoch 4/60 | loss: -14.7366
真实社区平均长度 7.900
提前终止的概率 1.000
Batch Metrics: P=0.7349, R=0.2759, F1=0.3329, AvgExtLen=3.73
Loss | PG: -7.7073, Entropy: 1.8379, Total: -7.7256

Grad Check | Norm: 10.2351 | Param Mean: -0.0005 | Grad Mean: 0.0291
📝 Epoch 5/60 | loss: -7.7256
真实社区平均长度 8.300
提前终止的概率 1.000
Batch Metrics: P=0.7721, R=0.2781, F1=0.3495, AvgExtLen=3.83
Loss | PG: -10.8068, Entropy: 1.8384, Total: -10.8252

Grad Check | Norm: 9.0414 | Param Mean: -0.0005 | Grad Mean: 0.0135
📝 Epoch 6/60 | loss: -10.8252
真实社区平均长度 8.800
提前终止的概率 1.000
Batch Metrics: P=0.8134, R=0.2548, F1=0.3383, AvgExtLen=3.17
Loss | PG: -3.3044, Entropy: 1.8372, Total: -3.3228

Grad Check | Norm: 11.2798 | Param Mean: -0.0005 | Grad Mean: -0.0150
📝 Epoch 7/60 | loss: -3.3228
真实社区平均长度 8.500
提前终止的概率 1.000
Batch Metrics: P=0.8472, R=0.2375, F1=0.3220, AvgExtLen=2.73
Loss | PG: -5.3845, Entropy: 1.6606, Total: -5.4012

Grad Check | Norm: 8.3622 | Param Mean: -0.0005 | Grad Mean: -0.1242
📝 Epoch 8/60 | loss: -5.4012
真实社区平均长度 8.500
提前终止的概率 1.000
Batch Metrics: P=0.8775, R=0.2493, F1=0.3380, AvgExtLen=2.95
Loss | PG: 0.9765, Entropy: 1.6555, Total: 0.9599

Grad Check | Norm: 10.3522 | Param Mean: -0.0005 | Grad Mean: -0.1285
📝 Epoch 9/60 | loss: 0.9599
真实社区平均长度 8.625
提前终止的概率 1.000
Batch Metrics: P=0.7882, R=0.3200, F1=0.3948, AvgExtLen=4.33
Loss | PG: -5.2566, Entropy: 1.9170, Total: -5.2758

Grad Check | Norm: 12.0793 | Param Mean: -0.0005 | Grad Mean: -0.0535
📝 Epoch 10/60 | loss: -5.2758
真实社区平均长度 8.675
提前终止的概率 1.000
Batch Metrics: P=0.7791, R=0.2744, F1=0.3438, AvgExtLen=3.73
Loss | PG: -13.2922, Entropy: 2.0512, Total: -13.3127

Grad Check | Norm: 11.6377 | Param Mean: -0.0005 | Grad Mean: -0.0010
📝 Epoch 11/60 | loss: -13.3127
真实社区平均长度 8.225
提前终止的概率 1.000
Batch Metrics: P=0.6682, R=0.3139, F1=0.3381, AvgExtLen=5.00
Loss | PG: -31.3245, Entropy: 1.9941, Total: -31.3445

Grad Check | Norm: 27.1747 | Param Mean: -0.0004 | Grad Mean: 0.0535
📝 Epoch 12/60 | loss: -31.3445
真实社区平均长度 8.150
提前终止的概率 1.000
Batch Metrics: P=0.7026, R=0.3694, F1=0.4096, AvgExtLen=5.22
Loss | PG: -20.5020, Entropy: 1.9657, Total: -20.5217

Grad Check | Norm: 32.8755 | Param Mean: -0.0004 | Grad Mean: -0.0215
📝 Epoch 13/60 | loss: -20.5217
真实社区平均长度 7.725
提前终止的概率 1.000
Batch Metrics: P=0.7690, R=0.2865, F1=0.3292, AvgExtLen=3.88
Loss | PG: -28.7846, Entropy: 1.8565, Total: -28.8031

Grad Check | Norm: 30.1427 | Param Mean: -0.0004 | Grad Mean: 0.0797
📝 Epoch 14/60 | loss: -28.8031
真实社区平均长度 8.550
提前终止的概率 1.000
Batch Metrics: P=0.7017, R=0.3549, F1=0.3878, AvgExtLen=5.55
Loss | PG: -24.2915, Entropy: 1.8388, Total: -24.3099

Grad Check | Norm: 15.6577 | Param Mean: -0.0004 | Grad Mean: -0.0342
📝 Epoch 15/60 | loss: -24.3099
真实社区平均长度 8.300
提前终止的概率 1.000
Batch Metrics: P=0.7340, R=0.3328, F1=0.3653, AvgExtLen=4.65
Loss | PG: -10.6408, Entropy: 1.7647, Total: -10.6584

Grad Check | Norm: 9.6420 | Param Mean: -0.0004 | Grad Mean: -0.0143
📝 Epoch 16/60 | loss: -10.6584
真实社区平均长度 7.975
提前终止的概率 1.000
Batch Metrics: P=0.6992, R=0.3865, F1=0.4145, AvgExtLen=5.28
Loss | PG: 3.2246, Entropy: 2.0205, Total: 3.2044

Grad Check | Norm: 15.3135 | Param Mean: -0.0004 | Grad Mean: -0.0904
📝 Epoch 17/60 | loss: 3.2044
真实社区平均长度 7.800
提前终止的概率 1.000
Batch Metrics: P=0.8158, R=0.3115, F1=0.3807, AvgExtLen=3.33
Loss | PG: -0.6594, Entropy: 1.7831, Total: -0.6773

Grad Check | Norm: 16.8067 | Param Mean: -0.0004 | Grad Mean: -0.0300
📝 Epoch 18/60 | loss: -0.6773
真实社区平均长度 8.575
提前终止的概率 1.000
Batch Metrics: P=0.8313, R=0.2784, F1=0.3596, AvgExtLen=3.48
Loss | PG: -5.1914, Entropy: 1.8719, Total: -5.2101

Grad Check | Norm: 12.1508 | Param Mean: -0.0004 | Grad Mean: -0.0546
📝 Epoch 19/60 | loss: -5.2101
真实社区平均长度 7.650
提前终止的概率 1.000
Batch Metrics: P=0.8211, R=0.3352, F1=0.4064, AvgExtLen=3.38
Loss | PG: -2.1131, Entropy: 1.6140, Total: -2.1293

Grad Check | Norm: 9.7892 | Param Mean: -0.0004 | Grad Mean: -0.0775
📝 Epoch 20/60 | loss: -2.1293
真实社区平均长度 7.950
提前终止的概率 1.000
Batch Metrics: P=0.7979, R=0.3054, F1=0.3832, AvgExtLen=3.45
Loss | PG: -4.6767, Entropy: 1.9367, Total: -4.6961

Grad Check | Norm: 13.6047 | Param Mean: -0.0004 | Grad Mean: -0.0164
📝 Epoch 21/60 | loss: -4.6961
真实社区平均长度 8.000
提前终止的概率 1.000
Batch Metrics: P=0.8704, R=0.3518, F1=0.4403, AvgExtLen=3.23
Loss | PG: 11.6895, Entropy: 1.7868, Total: 11.6716

Grad Check | Norm: 18.8447 | Param Mean: -0.0004 | Grad Mean: -0.0898
📝 Epoch 22/60 | loss: 11.6716
真实社区平均长度 8.250
提前终止的概率 1.000
Batch Metrics: P=0.7777, R=0.3060, F1=0.3849, AvgExtLen=3.67
Loss | PG: -8.2136, Entropy: 1.8760, Total: -8.2323

Grad Check | Norm: 12.3671 | Param Mean: -0.0004 | Grad Mean: -0.0320
📝 Epoch 23/60 | loss: -8.2323
真实社区平均长度 8.150
提前终止的概率 1.000
Batch Metrics: P=0.8242, R=0.2663, F1=0.3550, AvgExtLen=3.15
Loss | PG: -11.1308, Entropy: 1.8435, Total: -11.1492

Grad Check | Norm: 12.4459 | Param Mean: -0.0004 | Grad Mean: 0.0447
📝 Epoch 24/60 | loss: -11.1492
真实社区平均长度 8.675
提前终止的概率 1.000
Batch Metrics: P=0.7852, R=0.3016, F1=0.3823, AvgExtLen=3.90
Loss | PG: -13.4586, Entropy: 1.9438, Total: -13.4780

Grad Check | Norm: 20.8910 | Param Mean: -0.0004 | Grad Mean: 0.0388
📝 Epoch 25/60 | loss: -13.4780
真实社区平均长度 7.800
提前终止的概率 1.000
Batch Metrics: P=0.7096, R=0.3558, F1=0.4038, AvgExtLen=4.70
Loss | PG: -20.1181, Entropy: 2.0388, Total: -20.1385

Grad Check | Norm: 28.6309 | Param Mean: -0.0004 | Grad Mean: 0.0218
📝 Epoch 26/60 | loss: -20.1385
真实社区平均长度 8.050
提前终止的概率 1.000
Batch Metrics: P=0.7439, R=0.4239, F1=0.4763, AvgExtLen=4.90
Loss | PG: 4.3609, Entropy: 1.8504, Total: 4.3424

Grad Check | Norm: 8.9802 | Param Mean: -0.0004 | Grad Mean: -0.0848
📝 Epoch 27/60 | loss: 4.3424
真实社区平均长度 8.925
提前终止的概率 1.000
Batch Metrics: P=0.7436, R=0.3334, F1=0.4154, AvgExtLen=4.45
Loss | PG: 13.3465, Entropy: 1.8681, Total: 13.3278

Grad Check | Norm: 12.4759 | Param Mean: -0.0004 | Grad Mean: -0.0746
📝 Epoch 28/60 | loss: 13.3278
真实社区平均长度 8.150
提前终止的概率 1.000
Batch Metrics: P=0.7095, R=0.3532, F1=0.4136, AvgExtLen=4.42
Loss | PG: -10.6656, Entropy: 1.9314, Total: -10.6850

Grad Check | Norm: 27.5125 | Param Mean: -0.0004 | Grad Mean: 0.0011
📝 Epoch 29/60 | loss: -10.6850
真实社区平均长度 7.750
提前终止的概率 1.000
Batch Metrics: P=0.7133, R=0.3653, F1=0.4152, AvgExtLen=4.40
Loss | PG: -11.7096, Entropy: 1.9587, Total: -11.7291

Grad Check | Norm: 18.8887 | Param Mean: -0.0004 | Grad Mean: -0.0053
📝 Epoch 30/60 | loss: -11.7291
真实社区平均长度 7.400
提前终止的概率 1.000
Batch Metrics: P=0.8300, R=0.3302, F1=0.3882, AvgExtLen=3.50
Loss | PG: 7.3113, Entropy: 1.9887, Total: 7.2914

Grad Check | Norm: 12.8933 | Param Mean: -0.0004 | Grad Mean: -0.1085
📝 Epoch 31/60 | loss: 7.2914
真实社区平均长度 8.450
提前终止的概率 1.000
Batch Metrics: P=0.7118, R=0.3469, F1=0.4016, AvgExtLen=4.62
Loss | PG: -12.7814, Entropy: 1.8146, Total: -12.7995

Grad Check | Norm: 18.9349 | Param Mean: -0.0004 | Grad Mean: 0.0201
📝 Epoch 32/60 | loss: -12.7995
真实社区平均长度 7.450
提前终止的概率 1.000
Batch Metrics: P=0.6654, R=0.4026, F1=0.4309, AvgExtLen=5.40
Loss | PG: -20.4458, Entropy: 1.8868, Total: -20.4646

Grad Check | Norm: 14.8293 | Param Mean: -0.0004 | Grad Mean: 0.0515
📝 Epoch 33/60 | loss: -20.4646
真实社区平均长度 8.100
提前终止的概率 1.000
Batch Metrics: P=0.6789, R=0.3312, F1=0.3818, AvgExtLen=5.30
Loss | PG: -23.1050, Entropy: 1.9385, Total: -23.1244

Grad Check | Norm: 18.1562 | Param Mean: -0.0004 | Grad Mean: 0.0478
📝 Epoch 34/60 | loss: -23.1244
真实社区平均长度 8.225
提前终止的概率 1.000
Batch Metrics: P=0.7005, R=0.3853, F1=0.4216, AvgExtLen=5.53
Loss | PG: -9.1191, Entropy: 2.0104, Total: -9.1392

Grad Check | Norm: 18.5006 | Param Mean: -0.0004 | Grad Mean: 0.0348
📝 Epoch 35/60 | loss: -9.1392
真实社区平均长度 8.500
提前终止的概率 1.000
Batch Metrics: P=0.6561, R=0.4161, F1=0.4315, AvgExtLen=6.22
Loss | PG: -10.6331, Entropy: 1.9063, Total: -10.6521

Grad Check | Norm: 13.3707 | Param Mean: -0.0004 | Grad Mean: -0.0874
📝 Epoch 36/60 | loss: -10.6521
真实社区平均长度 8.775
提前终止的概率 1.000
Batch Metrics: P=0.6660, R=0.4131, F1=0.4360, AvgExtLen=6.58
Loss | PG: 2.9375, Entropy: 1.9687, Total: 2.9179

Grad Check | Norm: 17.5421 | Param Mean: -0.0004 | Grad Mean: -0.0731
📝 Epoch 37/60 | loss: 2.9179
真实社区平均长度 7.925
提前终止的概率 1.000
Batch Metrics: P=0.5431, R=0.4771, F1=0.4348, AvgExtLen=7.30
Loss | PG: -22.8966, Entropy: 1.8792, Total: -22.9154

Grad Check | Norm: 23.7334 | Param Mean: -0.0004 | Grad Mean: -0.0054
📝 Epoch 38/60 | loss: -22.9154
真实社区平均长度 8.100
提前终止的概率 1.000
Batch Metrics: P=0.6553, R=0.3926, F1=0.4134, AvgExtLen=6.05
Loss | PG: -20.2850, Entropy: 1.8065, Total: -20.3031

Grad Check | Norm: 18.7534 | Param Mean: -0.0004 | Grad Mean: -0.1067
📝 Epoch 39/60 | loss: -20.3031
真实社区平均长度 8.150
提前终止的概率 1.000
Batch Metrics: P=0.6584, R=0.4016, F1=0.4190, AvgExtLen=5.83
Loss | PG: -14.7245, Entropy: 1.7543, Total: -14.7421

Grad Check | Norm: 13.4566 | Param Mean: -0.0004 | Grad Mean: -0.0314
📝 Epoch 40/60 | loss: -14.7421
真实社区平均长度 7.750
提前终止的概率 1.000
Batch Metrics: P=0.6068, R=0.4803, F1=0.4640, AvgExtLen=7.35
Loss | PG: -17.8227, Entropy: 1.9383, Total: -17.8421

Grad Check | Norm: 17.9423 | Param Mean: -0.0004 | Grad Mean: -0.0730
📝 Epoch 41/60 | loss: -17.8421
真实社区平均长度 8.325
提前终止的概率 1.000
Batch Metrics: P=0.7023, R=0.4129, F1=0.4455, AvgExtLen=6.10
Loss | PG: -28.8607, Entropy: 1.9512, Total: -28.8802

Grad Check | Norm: 13.4061 | Param Mean: -0.0004 | Grad Mean: 0.0725
📝 Epoch 42/60 | loss: -28.8802
真实社区平均长度 8.700
提前终止的概率 1.000
Batch Metrics: P=0.6891, R=0.4477, F1=0.4748, AvgExtLen=6.67
Loss | PG: -6.7922, Entropy: 2.0282, Total: -6.8125

Grad Check | Norm: 19.1797 | Param Mean: -0.0003 | Grad Mean: -0.0575
📝 Epoch 43/60 | loss: -6.8125
真实社区平均长度 8.200
提前终止的概率 1.000
Batch Metrics: P=0.7468, R=0.4484, F1=0.4775, AvgExtLen=5.62
Loss | PG: 12.0297, Entropy: 1.8803, Total: 12.0109

Grad Check | Norm: 21.8935 | Param Mean: -0.0003 | Grad Mean: -0.0290
📝 Epoch 44/60 | loss: 12.0109
真实社区平均长度 8.400
提前终止的概率 1.000
Batch Metrics: P=0.6405, R=0.3901, F1=0.4163, AvgExtLen=5.97
Loss | PG: -37.6135, Entropy: 1.9603, Total: -37.6331

Grad Check | Norm: 56.7514 | Param Mean: -0.0003 | Grad Mean: 0.0036
📝 Epoch 45/60 | loss: -37.6331
真实社区平均长度 8.775
提前终止的概率 1.000
Batch Metrics: P=0.6521, R=0.4343, F1=0.4547, AvgExtLen=6.55
Loss | PG: -3.8166, Entropy: 1.8947, Total: -3.8356

Grad Check | Norm: 23.7366 | Param Mean: -0.0003 | Grad Mean: -0.0424
📝 Epoch 46/60 | loss: -3.8356
真实社区平均长度 8.500
提前终止的概率 1.000
Batch Metrics: P=0.6858, R=0.4605, F1=0.4741, AvgExtLen=6.08
Loss | PG: -7.3838, Entropy: 1.9125, Total: -7.4029

Grad Check | Norm: 17.8858 | Param Mean: -0.0003 | Grad Mean: -0.0172
📝 Epoch 47/60 | loss: -7.4029
真实社区平均长度 8.075
提前终止的概率 1.000
Batch Metrics: P=0.6784, R=0.4205, F1=0.4428, AvgExtLen=6.15
Loss | PG: -0.5857, Entropy: 1.8212, Total: -0.6039

Grad Check | Norm: 12.9495 | Param Mean: -0.0003 | Grad Mean: -0.0574
📝 Epoch 48/60 | loss: -0.6039
真实社区平均长度 8.050
提前终止的概率 1.000
Batch Metrics: P=0.6209, R=0.4165, F1=0.4341, AvgExtLen=6.25
Loss | PG: -11.5354, Entropy: 1.7831, Total: -11.5532

Grad Check | Norm: 14.8106 | Param Mean: -0.0003 | Grad Mean: 0.0267
📝 Epoch 49/60 | loss: -11.5532
真实社区平均长度 8.625
提前终止的概率 1.000
Batch Metrics: P=0.6493, R=0.4445, F1=0.4423, AvgExtLen=6.67
Loss | PG: -8.3939, Entropy: 1.9116, Total: -8.4130

Grad Check | Norm: 13.8115 | Param Mean: -0.0003 | Grad Mean: -0.0723
📝 Epoch 50/60 | loss: -8.4130
真实社区平均长度 7.925
提前终止的概率 1.000
Batch Metrics: P=0.5690, R=0.4791, F1=0.4632, AvgExtLen=7.22
Loss | PG: -23.2062, Entropy: 1.9585, Total: -23.2257

Grad Check | Norm: 16.0019 | Param Mean: -0.0003 | Grad Mean: 0.0033
📝 Epoch 51/60 | loss: -23.2257
真实社区平均长度 7.775
提前终止的概率 1.000
Batch Metrics: P=0.6767, R=0.4458, F1=0.4684, AvgExtLen=6.05
Loss | PG: 9.8063, Entropy: 1.8319, Total: 9.7880

Grad Check | Norm: 35.1992 | Param Mean: -0.0003 | Grad Mean: -0.0664
📝 Epoch 52/60 | loss: 9.7880
真实社区平均长度 8.225
提前终止的概率 1.000
Batch Metrics: P=0.5693, R=0.3993, F1=0.4160, AvgExtLen=6.40
Loss | PG: -27.9797, Entropy: 1.9162, Total: -27.9989

Grad Check | Norm: 22.5414 | Param Mean: -0.0003 | Grad Mean: 0.0855
📝 Epoch 53/60 | loss: -27.9989
真实社区平均长度 8.150
提前终止的概率 1.000
Batch Metrics: P=0.5784, R=0.4606, F1=0.4488, AvgExtLen=6.85
Loss | PG: -34.1895, Entropy: 1.9215, Total: -34.2087

Grad Check | Norm: 38.3789 | Param Mean: -0.0003 | Grad Mean: 0.0067
📝 Epoch 54/60 | loss: -34.2087
真实社区平均长度 8.325
提前终止的概率 1.000
Batch Metrics: P=0.6546, R=0.4835, F1=0.4977, AvgExtLen=6.60
Loss | PG: 25.8792, Entropy: 1.8917, Total: 25.8603

Grad Check | Norm: 25.9620 | Param Mean: -0.0003 | Grad Mean: -0.0324
📝 Epoch 55/60 | loss: 25.8603
真实社区平均长度 8.400
提前终止的概率 1.000
Batch Metrics: P=0.5849, R=0.4878, F1=0.4670, AvgExtLen=7.22
Loss | PG: -31.9186, Entropy: 1.9680, Total: -31.9383

Grad Check | Norm: 26.2513 | Param Mean: -0.0003 | Grad Mean: 0.0397
📝 Epoch 56/60 | loss: -31.9383
真实社区平均长度 8.925
提前终止的概率 1.000
Batch Metrics: P=0.6536, R=0.4806, F1=0.4956, AvgExtLen=6.97
Loss | PG: 8.3614, Entropy: 1.9378, Total: 8.3420

Grad Check | Norm: 16.2823 | Param Mean: -0.0003 | Grad Mean: -0.1443
📝 Epoch 57/60 | loss: 8.3420
真实社区平均长度 8.600
提前终止的概率 1.000
Batch Metrics: P=0.6585, R=0.4761, F1=0.4974, AvgExtLen=6.85
Loss | PG: 15.7865, Entropy: 1.9884, Total: 15.7666

Grad Check | Norm: 21.1751 | Param Mean: -0.0003 | Grad Mean: -0.0545
📝 Epoch 58/60 | loss: 15.7666
真实社区平均长度 8.100
提前终止的概率 1.000
Batch Metrics: P=0.7099, R=0.4823, F1=0.5080, AvgExtLen=6.08
Loss | PG: 28.0055, Entropy: 1.8705, Total: 27.9868

Grad Check | Norm: 34.1681 | Param Mean: -0.0003 | Grad Mean: -0.1244
📝 Epoch 59/60 | loss: 27.9868
真实社区平均长度 8.700
提前终止的概率 1.000
Batch Metrics: P=0.6761, R=0.4505, F1=0.4859, AvgExtLen=6.53
Loss | PG: 25.2456, Entropy: 1.9907, Total: 25.2257

Grad Check | Norm: 25.3625 | Param Mean: -0.0003 | Grad Mean: -0.0868
📝 Epoch 60/60 | loss: 25.2257

======================================================================
🧪 开始测试（真实社区+动态采样种子）
======================================================================
有 161 个社区
测试：真实社区 161，总种子 161
------------------------------------------------------------
推理种子数：161
社区 test_2 迭代 1 轮后无新增节点，提前停止
社区 test_3 迭代 1 轮后无新增节点，提前停止
社区 test_4 迭代 1 轮后无新增节点，提前停止
社区 test_5 迭代 1 轮后无新增节点，提前停止
社区 test_6 迭代 1 轮后无新增节点，提前停止
社区 test_7 迭代 1 轮后无新增节点，提前停止
社区 test_8 迭代 1 轮后无新增节点，提前停止
社区 test_9 迭代 1 轮后无新增节点，提前停止
社区 test_10 迭代 1 轮后无新增节点，提前停止
社区 test_12 迭代 1 轮后无新增节点，提前停止
社区 test_13 迭代 1 轮后无新增节点，提前停止
社区 test_15 迭代 1 轮后无新增节点，提前停止
社区 test_18 迭代 1 轮后无新增节点，提前停止
社区 test_20 迭代 1 轮后无新增节点，提前停止
社区 test_21 迭代 1 轮后无新增节点，提前停止
社区 test_22 迭代 1 轮后无新增节点，提前停止
社区 test_25 迭代 1 轮后无新增节点，提前停止
社区 test_27 迭代 1 轮后无新增节点，提前停止
社区 test_28 迭代 1 轮后无新增节点，提前停止
社区 test_29 迭代 1 轮后无新增节点，提前停止
社区 test_30 迭代 1 轮后无新增节点，提前停止
社区 test_32 迭代 1 轮后无新增节点，提前停止
社区 test_34 迭代 1 轮后无新增节点，提前停止
社区 test_35 迭代 1 轮后无新增节点，提前停止
社区 test_37 迭代 1 轮后无新增节点，提前停止
社区 test_38 迭代 1 轮后无新增节点，提前停止
社区 test_41 迭代 1 轮后无新增节点，提前停止
社区 test_42 迭代 1 轮后无新增节点，提前停止
社区 test_43 迭代 1 轮后无新增节点，提前停止
社区 test_45 迭代 1 轮后无新增节点，提前停止
社区 test_46 迭代 1 轮后无新增节点，提前停止
社区 test_47 迭代 1 轮后无新增节点，提前停止
社区 test_49 迭代 1 轮后无新增节点，提前停止
社区 test_51 迭代 1 轮后无新增节点，提前停止
社区 test_52 迭代 1 轮后无新增节点，提前停止
社区 test_53 迭代 1 轮后无新增节点，提前停止
社区 test_56 迭代 1 轮后无新增节点，提前停止
社区 test_57 迭代 1 轮后无新增节点，提前停止
社区 test_58 迭代 1 轮后无新增节点，提前停止
社区 test_60 迭代 1 轮后无新增节点，提前停止
社区 test_61 迭代 1 轮后无新增节点，提前停止
社区 test_62 迭代 1 轮后无新增节点，提前停止
社区 test_63 迭代 1 轮后无新增节点，提前停止
社区 test_64 迭代 1 轮后无新增节点，提前停止
社区 test_67 迭代 1 轮后无新增节点，提前停止
社区 test_68 迭代 1 轮后无新增节点，提前停止
社区 test_69 迭代 1 轮后无新增节点，提前停止
社区 test_71 迭代 1 轮后无新增节点，提前停止
社区 test_72 迭代 1 轮后无新增节点，提前停止
社区 test_73 迭代 1 轮后无新增节点，提前停止
社区 test_74 迭代 1 轮后无新增节点，提前停止
社区 test_76 迭代 1 轮后无新增节点，提前停止
社区 test_77 迭代 1 轮后无新增节点，提前停止
社区 test_78 迭代 1 轮后无新增节点，提前停止
社区 test_79 迭代 1 轮后无新增节点，提前停止
社区 test_80 迭代 1 轮后无新增节点，提前停止
社区 test_83 迭代 1 轮后无新增节点，提前停止
社区 test_84 迭代 1 轮后无新增节点，提前停止
社区 test_87 迭代 1 轮后无新增节点，提前停止
社区 test_89 迭代 1 轮后无新增节点，提前停止
社区 test_90 迭代 1 轮后无新增节点，提前停止
社区 test_92 迭代 1 轮后无新增节点，提前停止
社区 test_93 迭代 1 轮后无新增节点，提前停止
社区 test_94 迭代 1 轮后无新增节点，提前停止
社区 test_95 迭代 1 轮后无新增节点，提前停止
社区 test_96 迭代 1 轮后无新增节点，提前停止
社区 test_97 迭代 1 轮后无新增节点，提前停止
社区 test_98 迭代 1 轮后无新增节点，提前停止
社区 test_99 迭代 1 轮后无新增节点，提前停止
社区 test_100 迭代 1 轮后无新增节点，提前停止
社区 test_101 迭代 1 轮后无新增节点，提前停止
社区 test_102 迭代 1 轮后无新增节点，提前停止
社区 test_104 迭代 1 轮后无新增节点，提前停止
社区 test_105 迭代 1 轮后无新增节点，提前停止
社区 test_106 迭代 1 轮后无新增节点，提前停止
社区 test_107 迭代 1 轮后无新增节点，提前停止
社区 test_108 迭代 1 轮后无新增节点，提前停止
社区 test_110 迭代 1 轮后无新增节点，提前停止
社区 test_112 迭代 1 轮后无新增节点，提前停止
社区 test_114 迭代 1 轮后无新增节点，提前停止
社区 test_115 迭代 1 轮后无新增节点，提前停止
社区 test_116 迭代 1 轮后无新增节点，提前停止
社区 test_117 迭代 1 轮后无新增节点，提前停止
社区 test_119 迭代 1 轮后无新增节点，提前停止
社区 test_120 迭代 1 轮后无新增节点，提前停止
社区 test_123 迭代 1 轮后无新增节点，提前停止
社区 test_125 迭代 1 轮后无新增节点，提前停止
社区 test_127 迭代 1 轮后无新增节点，提前停止
社区 test_129 迭代 1 轮后无新增节点，提前停止
社区 test_131 迭代 1 轮后无新增节点，提前停止
社区 test_132 迭代 1 轮后无新增节点，提前停止
社区 test_133 迭代 1 轮后无新增节点，提前停止
社区 test_134 迭代 1 轮后无新增节点，提前停止
社区 test_135 迭代 1 轮后无新增节点，提前停止
社区 test_138 迭代 1 轮后无新增节点，提前停止
社区 test_141 迭代 1 轮后无新增节点，提前停止
社区 test_143 迭代 1 轮后无新增节点，提前停止
社区 test_144 迭代 1 轮后无新增节点，提前停止
社区 test_145 迭代 1 轮后无新增节点，提前停止
社区 test_146 迭代 1 轮后无新增节点，提前停止
社区 test_147 迭代 1 轮后无新增节点，提前停止
社区 test_148 迭代 1 轮后无新增节点，提前停止
社区 test_149 迭代 1 轮后无新增节点，提前停止
社区 test_151 迭代 1 轮后无新增节点，提前停止
社区 test_152 迭代 1 轮后无新增节点，提前停止
社区 test_154 迭代 1 轮后无新增节点，提前停止
社区 test_155 迭代 1 轮后无新增节点，提前停止
社区 test_156 迭代 1 轮后无新增节点，提前停止
社区 test_158 迭代 1 轮后无新增节点，提前停止
社区 test_159 迭代 1 轮后无新增节点，提前停止

================================================================================
📊 扩展前后指标对比（模型迭代扩展）
================================================================================
扩展前 | P: 0.6062 | R: 0.552 | F1: 0.5204 (±0.1919) | Jaccard: 0.3752 (±0.1832)
扩展后 | P: 0.5752 | R: 0.584 | F1: 0.5177 (±0.1889) | Jaccard: 0.3717 (±0.1783)
变化幅度 | P: -5.11% | R: 5.8% | F1: -0.52% | Jaccard: -0.93%
================================================================================
