
======================================================================
📌 数据集：dgraph  seed=2026
======================================================================
核心参数：min_community_size=5, epoch=60, seedNum=40
----------------------------------------------------------------------
原始社区数: 836，过滤后: 805，剔除 31 个异常大小社区（下限=5, 上限=14.2)
加载完成：节点数 81838，边数 88080，社区数 805，特征节点数 81838

=== 数据检查 ===
节点总数: 81838，最大节点ID: 81837
总边数: 88080，自环边数: 0
社区数: 805，平均大小: 7.3，最小/最大: 5/14
✅ 未检测到 NaN 特征值（前100个节点）
特征维度: 17
特征值范围（前5列）: [(-1.0, 1.0), (-1.0, 8.0), (-1.0, 13.115), (-1.0, 12.79), (-1.0, 1.0)]
训练社区数: 644，测试社区数: 161
⚠️ 训练与测试社区节点重叠，重叠数: 19
=== 检查结束 ===

初始化 Graph：节点数 81838，社区数 644，特征维度 17
初始化 Graph：节点数 81838，社区数 161，特征维度 17
训练图：节点数 81838，特征维度 17，训练社区数 644
测试图：节点数 81838，特征维度 17，测试社区数 161
初始化 Expander: maxLen=10, gamma=0.99, f1_base_weight=1.0,device=cpu
p_bias=1.0, r_bias=1.0, repeat_penalty=0.5
entropy_coeff=0.01, grad_norm=10.0
target_recall=0.5, stop_reward_scale=2.0

🚀 开始训练：60轮 | 每轮采样40种子
真实社区平均长度 7.950
提前终止的概率 1.000
Batch Metrics: P=0.7694, R=0.3118, F1=0.3680, AvgExtLen=3.67
Loss | PG: 5.8364, Entropy: 1.8030, Total: 5.8184

Grad Check | Norm: 13.4278 | Param Mean: -0.0004 | Grad Mean: -0.0850
📝 Epoch 1/60 | loss: 5.8184
真实社区平均长度 7.325
提前终止的概率 1.000
Batch Metrics: P=0.7776, R=0.3324, F1=0.3917, AvgExtLen=3.85
Loss | PG: -17.7138, Entropy: 1.7002, Total: -17.7308

Grad Check | Norm: 13.8981 | Param Mean: -0.0004 | Grad Mean: 0.0776
📝 Epoch 2/60 | loss: -17.7308
真实社区平均长度 6.600
提前终止的概率 1.000
Batch Metrics: P=0.7588, R=0.3523, F1=0.4111, AvgExtLen=3.92
Loss | PG: -6.3818, Entropy: 1.7182, Total: -6.3990

Grad Check | Norm: 11.8063 | Param Mean: -0.0004 | Grad Mean: -0.1086
📝 Epoch 3/60 | loss: -6.3990
真实社区平均长度 7.175
提前终止的概率 1.000
Batch Metrics: P=0.7317, R=0.3402, F1=0.3889, AvgExtLen=4.75
Loss | PG: -12.6539, Entropy: 1.8085, Total: -12.6720

Grad Check | Norm: 18.6015 | Param Mean: -0.0004 | Grad Mean: -0.0725
📝 Epoch 4/60 | loss: -12.6720
真实社区平均长度 7.725
提前终止的概率 1.000
Batch Metrics: P=0.7025, R=0.3869, F1=0.4102, AvgExtLen=5.47
Loss | PG: -29.3415, Entropy: 1.8011, Total: -29.3595

Grad Check | Norm: 34.1038 | Param Mean: -0.0004 | Grad Mean: 0.0027
📝 Epoch 5/60 | loss: -29.3595
真实社区平均长度 7.675
提前终止的概率 1.000
Batch Metrics: P=0.5898, R=0.3817, F1=0.3843, AvgExtLen=6.08
Loss | PG: -31.5794, Entropy: 1.8609, Total: -31.5980

Grad Check | Norm: 16.9101 | Param Mean: -0.0004 | Grad Mean: 0.0959
📝 Epoch 6/60 | loss: -31.5980
真实社区平均长度 7.450
提前终止的概率 1.000
Batch Metrics: P=0.5943, R=0.4103, F1=0.3994, AvgExtLen=6.17
Loss | PG: -0.2271, Entropy: 1.7705, Total: -0.2448

Grad Check | Norm: 21.0653 | Param Mean: -0.0004 | Grad Mean: -0.1443
📝 Epoch 7/60 | loss: -0.2448
真实社区平均长度 7.100
提前终止的概率 1.000
Batch Metrics: P=0.6027, R=0.4602, F1=0.4173, AvgExtLen=6.47
Loss | PG: -2.1044, Entropy: 1.7432, Total: -2.1218

Grad Check | Norm: 24.7258 | Param Mean: -0.0004 | Grad Mean: -0.1150
📝 Epoch 8/60 | loss: -2.1218
真实社区平均长度 7.075
提前终止的概率 1.000
Batch Metrics: P=0.5087, R=0.4895, F1=0.4172, AvgExtLen=7.90
Loss | PG: -13.9209, Entropy: 1.7446, Total: -13.9384

Grad Check | Norm: 19.4068 | Param Mean: -0.0004 | Grad Mean: -0.0724
📝 Epoch 9/60 | loss: -13.9384
真实社区平均长度 7.600
提前终止的概率 1.000
Batch Metrics: P=0.5750, R=0.4121, F1=0.3873, AvgExtLen=6.80
Loss | PG: -10.3378, Entropy: 1.7856, Total: -10.3557

Grad Check | Norm: 23.6619 | Param Mean: -0.0004 | Grad Mean: 0.0145
📝 Epoch 10/60 | loss: -10.3557
真实社区平均长度 7.625
提前终止的概率 1.000
Batch Metrics: P=0.6107, R=0.4656, F1=0.4199, AvgExtLen=7.08
Loss | PG: -12.2381, Entropy: 1.8484, Total: -12.2566

Grad Check | Norm: 19.4223 | Param Mean: -0.0004 | Grad Mean: -0.0062
📝 Epoch 11/60 | loss: -12.2566
真实社区平均长度 7.975
提前终止的概率 1.000
Batch Metrics: P=0.5069, R=0.5061, F1=0.4509, AvgExtLen=8.00
Loss | PG: 2.3022, Entropy: 1.7719, Total: 2.2844

Grad Check | Norm: 36.1061 | Param Mean: -0.0004 | Grad Mean: -0.0087
📝 Epoch 12/60 | loss: 2.2844
真实社区平均长度 7.625
提前终止的概率 1.000
Batch Metrics: P=0.6140, R=0.4872, F1=0.4719, AvgExtLen=6.88
Loss | PG: -20.9934, Entropy: 1.8903, Total: -21.0123

Grad Check | Norm: 15.3482 | Param Mean: -0.0004 | Grad Mean: 0.0105
📝 Epoch 13/60 | loss: -21.0123
真实社区平均长度 6.950
提前终止的概率 1.000
Batch Metrics: P=0.5908, R=0.5328, F1=0.4940, AvgExtLen=7.22
Loss | PG: -18.1276, Entropy: 1.8475, Total: -18.1461

Grad Check | Norm: 17.0487 | Param Mean: -0.0004 | Grad Mean: -0.0261
📝 Epoch 14/60 | loss: -18.1461
真实社区平均长度 7.500
提前终止的概率 1.000
Batch Metrics: P=0.5859, R=0.4629, F1=0.4582, AvgExtLen=6.72
Loss | PG: -31.0451, Entropy: 2.0479, Total: -31.0656

Grad Check | Norm: 36.0115 | Param Mean: -0.0004 | Grad Mean: 0.0600
📝 Epoch 15/60 | loss: -31.0656
